Octopus.Shellfish.ShellCommand.WithWorkingDirectory
Octopus.Shellfish.ShellCommand.WithArguments
Octopus.Shellfish.ShellCommand.BeforeStartHook
Octopus.Shellfish.ShellCommand.WithRawArguments
Octopus.Shellfish.ShellCommand.WithEnvironmentVariables
Octopus.Shellfish.ShellCommand.RunAsUser
Octopus.Shellfish.ShellCommand.WithOutputEncoding
Octopus.Shellfish.ShellCommand.CaptureStdOutTo
Octopus.Shellfish.ShellCommand.CaptureStdOutTo
Octopus.Shellfish.ShellCommand.CaptureStdErrTo
Octopus.Shellfish.ShellCommand.CaptureStdErrTo
Octopus.Shellfish.ShellCommand.KillProcessOnCancellation
Octopus.Shellfish.ShellCommand.SwallowCancellationException
Octopus.Shellfish.ShellCommand.Execute
Octopus.Shellfish.ShellCommand.ExecuteAsync
Octopus.Shellfish.ShellCommandExtensionMethods.ExecutableCanBeDotnetDll
Octopus.Shellfish.ShellCommandResult.ExitCode
Octopus.Shellfish.ShellExecutionException.Errors
Octopus.Shellfish.ShellExecutionException.Message
Octopus.Shellfish.ShellExecutor.ExecuteCommand
Octopus.Shellfish.ShellExecutor.ExecuteCommandWithoutWaiting